
> iews-toi-client@0.0.0 build
> vite build

[36mvite v7.3.1 [32mbuilding client environment for production...[36m[39m
transforming...
[32m鉁?[39m 2695 modules transformed.
rendering chunks...
computing gzip size...
[2mdist/[22m[32mindex.html                          [39m[1m[2m    0.46 kB[22m[1m[22m[2m 鈹?gzip:   0.31 kB[22m
[2mdist/[22m[35massets/index-DJFXc0ZN.css           [39m[1m[2m  147.47 kB[22m[1m[22m[2m 鈹?gzip:  19.11 kB[22m
[2mdist/[22m[36massets/purify.es-Bzr520pe.js        [39m[1m[2m   22.45 kB[22m[1m[22m[2m 鈹?gzip:   8.63 kB[22m
[2mdist/[22m[36massets/index.es-B1BngWOr.js         [39m[1m[2m  158.58 kB[22m[1m[22m[2m 鈹?gzip:  52.93 kB[22m
[2mdist/[22m[36massets/html2canvas.esm-DXEQVQnt.js  [39m[1m[2m  201.04 kB[22m[1m[22m[2m 鈹?gzip:  47.43 kB[22m
[2mdist/[22m[36massets/index-BtPE9__a.js            [39m[1m[33m1,649.58 kB[39m[22m[2m 鈹?gzip: 430.02 kB[22m
node.exe : [33m
At line:1 char:1
+ & "C:\Users\Gamini\AppData\Local\Microsoft\WinGet\Packages\OpenJS.Nod ...
+ ~~~~~~~~~~~~~~~~~~~~~~~~~~~~~~~~~~~~~~~~~~~~~~~~~~~~~~~~~~~~~~~~~~~~~
    + CategoryInfo          : NotSpecified: ([33m:String) [], RemoteException
    + FullyQualifiedErrorId : NativeCommandError
 
(!) Some chunks are larger than 500 kB after minification. Consider:
- Using dynamic import() to code-split the application
- Use build.rollupOptions.output.manualChunks to improve chunking: 
https://rollupjs.org/configuration-options/#output-manualchunks
- Adjust chunk size limit for this warning via build.chunkSizeWarningLimit.[39m
[32m鉁?built in 12.69s[39m
